python : .EE
En línea: 1 Carácter: 1
+ python tests/test_auth_repro_fix.py > test_output.txt 2>&1
+ ~~~~~~~~~~~~~~~~~~~~~~~~~~~~~~~~~~~~~~~~~~~~~~~~~~~~~~~~~~
    + CategoryInfo          : NotSpecified: (.EE:String) [], Remot 
   eException
    + FullyQualifiedErrorId : NativeCommandError
 
===================================================================
===
ERROR: test_token_expired_leeway 
(__main__.TestAuthFix.test_token_expired_leeway)
Test token expiration and leeway.
-------------------------------------------------------------------
---
Traceback (most recent call last):
  File 
"C:\Proyectos\AutoLink\backend\tests\test_auth_repro_fix.py", line 
86, in test_token_expired_leeway
    jose_jwt.decode(
    ~~~~~~~~~~~~~~~^
        token,
        ^^^^^^
    ...<3 lines>...
        leeway=120
        ^^^^^^^^^^
    )
    ^
TypeError: decode() got an unexpected keyword argument 'leeway'

===================================================================
===
ERROR: test_token_validation_success 
(__main__.TestAuthFix.test_token_validation_success)
Test validation of a valid token.
-------------------------------------------------------------------
---
Traceback (most recent call last):
  File 
"C:\Proyectos\AutoLink\backend\tests\test_auth_repro_fix.py", line 
58, in test_token_validation_success
    payload = jose_jwt.decode(
        token,
    ...<3 lines>...
        leeway=120
    )
TypeError: decode() got an unexpected keyword argument 'leeway'

-------------------------------------------------------------------
---
Ran 3 tests in 0.008s

FAILED (errors=2)

[INFO] Decoded Token Payload: {'exp': 1769782681, 'sub': 'test@example.com', 'iat': 1769780881, 'nbf': 1769780881, 'jti': '20940414-8dca-48cd-b9d2-814e74ec59f2'}
